// Jest Snapshot v1, https://goo.gl/fbAQLP

exports[`renders correctly 1`] = `
<div>
  <RTE
    className="$root content placeholder toolbar custom"
    classNameDisabled=""
    contentClassName="coral coral-rte-content RTE-content"
    contentClassNameDisabled=""
    contentContainerClassName=""
    contentContainerClassNameDisabled=""
    features={
      Array [
        <ForwardRef(RTELocalized)
          attrs={
            Object {
              "title": true,
            }
          }
          id="comments-rte-bold"
        >
          <Toggle>
            <ForwardRef(forwardRef)
              size="md"
            >
              format_bold
            </ForwardRef(forwardRef)>
          </Toggle>
        </ForwardRef(RTELocalized)>,
        <ForwardRef(RTELocalized)
          attrs={
            Object {
              "title": true,
            }
          }
          id="comments-rte-italic"
        >
          <Toggle>
            <ForwardRef(forwardRef)
              size="md"
            >
              format_italic
            </ForwardRef(forwardRef)>
          </Toggle>
        </ForwardRef(RTELocalized)>,
        <ForwardRef(RTELocalized)
          attrs={
            Object {
              "title": true,
            }
          }
          id="comments-rte-blockquote"
        >
          <Toggle>
            <ForwardRef(forwardRef)
              size="md"
            >
              format_quote
            </ForwardRef(forwardRef)>
          </Toggle>
        </ForwardRef(RTELocalized)>,
        <ForwardRef(RTELocalized)
          attrs={
            Object {
              "title": true,
            }
          }
          id="comments-rte-bulletedList"
        >
          <Toggle>
            <ForwardRef(forwardRef)
              size="md"
            >
              format_list_bulleted
            </ForwardRef(forwardRef)>
          </Toggle>
        </ForwardRef(RTELocalized)>,
      ]
    }
    placeholder="Post a comment"
    placeholderClassName="coral coral-rte-placeholder RTE-placeholder"
    placeholderClassNameDisabled=""
    sanitizeToDOMFragment={[Function]}
    sanitizeValue={true}
    toolbarClassName="coral coral-rte-toolbar RTE-toolbar"
    toolbarClassNameDisabled=""
    toolbarPosition="bottom"
    value="Hello world"
  />
</div>
`;
